64
Lattice="10.06479862244273 -1.3713158647e-06 -0.0001835182494761 -9.56349303e-07 6.743322149595188 -1.94459636737e-05 -0.0001631182761049 -2.56143911545e-05 8.959493881250344" Properties=species:S:1:pos:R:3:momenta:R:3 pbc="T T T"
C        4.41299794       1.68582880       1.95848240       0.00000000       0.00000000       0.00000000
C        8.16888972       5.05749962       4.19987579       0.00000000       0.00000000       0.00000000
C        6.92825268       1.68580521       0.27962445       0.00000000       0.00000000       0.00000000
C        5.65164912       5.05747158       7.00081716       0.00000000       0.00000000       0.00000000
C        4.41288542       1.68581309       6.43828469       0.00000000       0.00000000       0.00000000
C        8.16881630       5.05746788       8.67956526       0.00000000       0.00000000       0.00000000
C        6.92816180       1.68580729       4.75936592       0.00000000       0.00000000       0.00000000
C        5.65175563       5.05746261       2.52105236       0.00000000       0.00000000       0.00000000
C        9.44540149       1.68586525       1.95843706       0.00000000       0.00000000       0.00000000
C        3.13650022       5.05749638       4.19996905       0.00000000       0.00000000       0.00000000
C        1.89583572       1.68578721       0.27974088       0.00000000       0.00000000       0.00000000
C        0.61924058       5.05749258       7.00087830       0.00000000       0.00000000       0.00000000
C        9.44532221       1.68582693       6.43814984       0.00000000       0.00000000       0.00000000
C        3.13640383       5.05746032       8.67968546       0.00000000       0.00000000       0.00000000
C        1.89576698       1.68578449       4.75944589       0.00000000       0.00000000       0.00000000
C        0.61932758       5.05745988       2.52113548       0.00000000       0.00000000       0.00000000
Fe       0.89008028       0.45993559       1.48711989       0.00000000       0.00000000       0.00000000
Fe       1.62627053       6.28340066       3.72706170       0.00000000       0.00000000       0.00000000
Fe       3.40601983       2.91174115       0.75256691       0.00000000       0.00000000       0.00000000
Fe       9.17452307       3.83156716       7.47221257       0.00000000       0.00000000       0.00000000
Fe       9.17452366       6.28336997       7.47220082       0.00000000       0.00000000       0.00000000
Fe       3.40603174       0.45990256       0.75257462       0.00000000       0.00000000       0.00000000
Fe       1.62627770       3.83156890       3.72706060       0.00000000       0.00000000       0.00000000
Fe       0.89010601       2.91172543       1.48709679       0.00000000       0.00000000       0.00000000
Fe       0.89001271       0.45991755       5.96684443       0.00000000       0.00000000       0.00000000
Fe       1.62619693       6.28339807       8.20687797       0.00000000       0.00000000       0.00000000
Fe       3.40594787       2.91173089       5.23228434       0.00000000       0.00000000       0.00000000
Fe       9.17463014       3.83157501       2.99244135       0.00000000       0.00000000       0.00000000
Fe       9.17464312       6.28337051       2.99244279       0.00000000       0.00000000       0.00000000
Fe       3.40595999       0.45988206       5.23228464       0.00000000       0.00000000       0.00000000
Fe       1.62620297       3.83156803       8.20686718       0.00000000       0.00000000       0.00000000
Fe       0.89001338       2.91171185       5.96683999       0.00000000       0.00000000       0.00000000
Fe       5.92250649       0.45993138       1.48702029       0.00000000       0.00000000       0.00000000
Fe       6.65868870       6.28338497       3.72701677       0.00000000       0.00000000       0.00000000
Fe       8.43844942       2.91174845       0.75245588       0.00000000       0.00000000       0.00000000
Fe       4.14212861       3.83157530       7.47232316       0.00000000       0.00000000       0.00000000
Fe       4.14212683       6.28336921       7.47231043       0.00000000       0.00000000       0.00000000
Fe       8.43847329       0.45991844       0.75247595       0.00000000       0.00000000       0.00000000
Fe       6.65870616       3.83155744       3.72703362       0.00000000       0.00000000       0.00000000
Fe       5.92252534       2.91174231       1.48701632       0.00000000       0.00000000       0.00000000
Fe       5.92242288       0.45992030       5.96677241       0.00000000       0.00000000       0.00000000
Fe       6.65860220       6.28338635       8.20675033       0.00000000       0.00000000       0.00000000
Fe       8.43835122       2.91173242       5.23221069       0.00000000       0.00000000       0.00000000
Fe       4.14222319       3.83158734       2.99253637       0.00000000       0.00000000       0.00000000
Fe       4.14222408       6.28335993       2.99254500       0.00000000       0.00000000       0.00000000
Fe       8.43836637       0.45990859       5.23221806       0.00000000       0.00000000       0.00000000
Fe       6.65862599       3.83156141       8.20675746       0.00000000       0.00000000       0.00000000
Fe       5.92242664       2.91171581       5.96677731       0.00000000       0.00000000       0.00000000
Fe       0.18231361       1.68582265       3.74893385       0.00000000       0.00000000       0.00000000
Fe       2.33321320       5.05748467       5.98945306       0.00000000       0.00000000       0.00000000
Fe       2.69891512       1.68580372       7.44974073       0.00000000       0.00000000       0.00000000
Fe       9.88232194       5.05747273       5.21034303       0.00000000       0.00000000       0.00000000
Fe       0.18223485       1.68581805       8.22871801       0.00000000       0.00000000       0.00000000
Fe       2.33328218       5.05748746       1.50970092       0.00000000       0.00000000       0.00000000
Fe       2.69903346       1.68581054       2.96992842       0.00000000       0.00000000       0.00000000
Fe       9.88242944       5.05747671       0.73061044       0.00000000       0.00000000       0.00000000
Fe       5.21470828       1.68581676       3.74883871       0.00000000       0.00000000       0.00000000
Fe       7.36561109       5.05747423       5.98936119       0.00000000       0.00000000       0.00000000
Fe       7.73135848       1.68581814       7.44963752       0.00000000       0.00000000       0.00000000
Fe       4.84995495       5.05747585       5.21045116       0.00000000       0.00000000       0.00000000
Fe       5.21463890       1.68581226       8.22862233       0.00000000       0.00000000       0.00000000
Fe       7.36573534       5.05747756       1.50960092       0.00000000       0.00000000       0.00000000
Fe       7.73144960       1.68582105       2.96987310       0.00000000       0.00000000       0.00000000
Fe       4.85001309       5.05747873       0.73070607       0.00000000       0.00000000       0.00000000
