100     0.51269    0.00004    0.00005    0.01022      0.13210      0.10952      0.00000      0.00000      0.00000      
200     0.50938    0.00004    0.00005    0.01020      0.13108      0.10576      0.00000      0.00000      0.00000      
300     0.50749    0.00004    0.00005    0.00980      0.13074      0.10658      0.00000      0.00000      0.00000      
400     0.50303    0.00004    0.00005    0.00955      0.13012      0.10755      0.00000      0.00000      0.00000      
500     0.50709    0.00004    0.00005    0.01001      0.13051      0.10542      0.00000      0.00000      0.00000      
600     0.50629    0.00004    0.00005    0.00977      0.13048      0.10638      0.00000      0.00000      0.00000      
700     0.50232    0.00004    0.00005    0.00952      0.12999      0.10739      0.00000      0.00000      0.00000      
800     0.50658    0.00004    0.00005    0.01000      0.13036      0.10535      0.00000      0.00000      0.00000      
900     0.50588    0.00004    0.00005    0.00972      0.13041      0.10629      0.00000      0.00000      0.00000      
1000    0.50189    0.00004    0.00005    0.00946      0.12991      0.10731      0.00000      0.00000      0.00000      
1100    0.50633    0.00004    0.00005    0.00995      0.13029      0.10533      0.00000      0.00000      0.00000      
1200    0.50565    0.00004    0.00005    0.00974      0.13034      0.10624      0.00000      0.00000      0.00000      
1300    0.50164    0.00004    0.00005    0.00950      0.12979      0.10731      0.00000      0.00000      0.00000      
1400    0.50614    0.00004    0.00005    0.00992      0.13028      0.10528      0.00000      0.00000      0.00000      
1500    0.50547    0.00004    0.00005    0.00974      0.13035      0.10620      0.00000      0.00000      0.00000      
1600    0.50163    0.00004    0.00005    0.00958      0.12977      0.10728      0.00000      0.00000      0.00000      
1700    0.50612    0.00004    0.00005    0.01000      0.13026      0.10524      0.00000      0.00000      0.00000      
1800    0.50536    0.00004    0.00005    0.00977      0.13028      0.10621      0.00000      0.00000      0.00000      
1900    0.50155    0.00004    0.00005    0.00952      0.12977      0.10729      0.00000      0.00000      0.00000      
2000    0.50599    0.00004    0.00005    0.00999      0.13018      0.10529      0.00000      0.00000      0.00000      
2100    0.50534    0.00004    0.00005    0.00973      0.13036      0.10616      0.00000      0.00000      0.00000      
2200    0.50149    0.00004    0.00005    0.00955      0.12979      0.10728      0.00000      0.00000      0.00000      
2300    0.50599    0.00004    0.00005    0.00997      0.13021      0.10525      0.00000      0.00000      0.00000      
2400    0.50525    0.00004    0.00005    0.00977      0.13034      0.10612      0.00000      0.00000      0.00000      
2500    0.50139    0.00004    0.00005    0.00952      0.12971      0.10728      0.00000      0.00000      0.00000      
2600    0.50588    0.00004    0.00005    0.00996      0.13017      0.10528      0.00000      0.00000      0.00000      
2700    0.50518    0.00004    0.00005    0.00974      0.13029      0.10619      0.00000      0.00000      0.00000      
2800    0.50144    0.00004    0.00005    0.00952      0.12973      0.10730      0.00000      0.00000      0.00000      
2900    0.50586    0.00004    0.00005    0.00999      0.13017      0.10523      0.00000      0.00000      0.00000      
3000    0.50513    0.00004    0.00005    0.00975      0.13028      0.10615      0.00000      0.00000      0.00000      
3100    0.50134    0.00004    0.00005    0.00953      0.12969      0.10724      0.00000      0.00000      0.00000      
3200    0.50587    0.00004    0.00005    0.00994      0.13021      0.10522      0.00000      0.00000      0.00000      
3300    0.50519    0.00004    0.00005    0.00973      0.13028      0.10615      0.00000      0.00000      0.00000      
3400    0.50143    0.00004    0.00005    0.00957      0.12967      0.10728      0.00000      0.00000      0.00000      
3500    0.50579    0.00004    0.00005    0.00994      0.13016      0.10524      0.00000      0.00000      0.00000      
3600    0.50509    0.00004    0.00005    0.00974      0.13028      0.10613      0.00000      0.00000      0.00000      
3700    0.50132    0.00004    0.00005    0.00953      0.12965      0.10730      0.00000      0.00000      0.00000      
3800    0.50578    0.00004    0.00005    0.00999      0.13016      0.10522      0.00000      0.00000      0.00000      
3900    0.50505    0.00004    0.00005    0.00974      0.13028      0.10614      0.00000      0.00000      0.00000      
4000    0.50132    0.00004    0.00005    0.00952      0.12969      0.10727      0.00000      0.00000      0.00000      
4100    0.50573    0.00004    0.00005    0.00997      0.13017      0.10521      0.00000      0.00000      0.00000      
4200    0.50507    0.00004    0.00005    0.00972      0.13029      0.10610      0.00000      0.00000      0.00000      
4300    0.50125    0.00004    0.00005    0.00952      0.12968      0.10728      0.00000      0.00000      0.00000      
4400    0.50574    0.00004    0.00005    0.00996      0.13018      0.10522      0.00000      0.00000      0.00000      
4500    0.50510    0.00004    0.00005    0.00976      0.13033      0.10609      0.00000      0.00000      0.00000      
4600    0.50119    0.00004    0.00005    0.00949      0.12961      0.10729      0.00000      0.00000      0.00000      
4700    0.50568    0.00004    0.00005    0.00999      0.13017      0.10516      0.00000      0.00000      0.00000      
4800    0.50498    0.00004    0.00005    0.00975      0.13025      0.10607      0.00000      0.00000      0.00000      
4900    0.50117    0.00004    0.00005    0.00955      0.12962      0.10722      0.00000      0.00000      0.00000      
5000    0.50566    0.00004    0.00005    0.00999      0.13014      0.10521      0.00000      0.00000      0.00000      
5100    0.50499    0.00004    0.00005    0.00975      0.13026      0.10618      0.00000      0.00000      0.00000      
5200    0.50115    0.00004    0.00005    0.00954      0.12967      0.10722      0.00000      0.00000      0.00000      
5300    0.50562    0.00004    0.00005    0.01001      0.13014      0.10516      0.00000      0.00000      0.00000      
5400    0.50500    0.00004    0.00005    0.00975      0.13025      0.10612      0.00000      0.00000      0.00000      
5500    0.50113    0.00004    0.00005    0.00947      0.12961      0.10726      0.00000      0.00000      0.00000      
5600    0.50566    0.00004    0.00005    0.00997      0.13016      0.10519      0.00000      0.00000      0.00000      
5700    0.50501    0.00004    0.00005    0.00980      0.13024      0.10614      0.00000      0.00000      0.00000      
5800    0.50110    0.00004    0.00005    0.00950      0.12960      0.10723      0.00000      0.00000      0.00000      
5900    0.50571    0.00004    0.00005    0.00997      0.13013      0.10528      0.00000      0.00000      0.00000      
6000    0.50502    0.00004    0.00005    0.00976      0.13028      0.10613      0.00000      0.00000      0.00000      
6100    0.50115    0.00004    0.00005    0.00952      0.12961      0.10729      0.00000      0.00000      0.00000      
6200    0.50564    0.00004    0.00005    0.00999      0.13011      0.10520      0.00000      0.00000      0.00000      
6300    0.50495    0.00004    0.00005    0.00973      0.13025      0.10615      0.00000      0.00000      0.00000      
6400    0.50108    0.00004    0.00005    0.00950      0.12960      0.10723      0.00000      0.00000      0.00000      
6500    0.50551    0.00004    0.00005    0.00998      0.13005      0.10520      0.00000      0.00000      0.00000      
6600    0.50497    0.00004    0.00005    0.00976      0.13028      0.10615      0.00000      0.00000      0.00000      
6700    0.50102    0.00004    0.00005    0.00947      0.12962      0.10728      0.00000      0.00000      0.00000      
6800    0.50555    0.00004    0.00005    0.00998      0.13008      0.10524      0.00000      0.00000      0.00000      
6900    0.50487    0.00004    0.00005    0.00975      0.13024      0.10615      0.00000      0.00000      0.00000      
7000    0.50096    0.00004    0.00005    0.00946      0.12962      0.10725      0.00000      0.00000      0.00000      
7100    0.50558    0.00004    0.00005    0.00996      0.13011      0.10531      0.00000      0.00000      0.00000      
7200    0.50490    0.00004    0.00005    0.00977      0.13023      0.10614      0.00000      0.00000      0.00000      
7300    0.50091    0.00004    0.00005    0.00948      0.12965      0.10720      0.00000      0.00000      0.00000      
7400    0.50550    0.00004    0.00005    0.00998      0.13010      0.10523      0.00000      0.00000      0.00000      
7500    0.50490    0.00004    0.00005    0.00972      0.13024      0.10615      0.00000      0.00000      0.00000      
7600    0.50099    0.00004    0.00005    0.00951      0.12969      0.10719      0.00000      0.00000      0.00000      
7700    0.50550    0.00004    0.00005    0.00996      0.13012      0.10523      0.00000      0.00000      0.00000      
7800    0.50490    0.00004    0.00005    0.00974      0.13022      0.10612      0.00000      0.00000      0.00000      
7900    0.50090    0.00004    0.00005    0.00948      0.12964      0.10718      0.00000      0.00000      0.00000      
8000    0.50552    0.00004    0.00005    0.00998      0.13010      0.10523      0.00000      0.00000      0.00000      
8100    0.50488    0.00004    0.00005    0.00973      0.13020      0.10620      0.00000      0.00000      0.00000      
8200    0.50094    0.00004    0.00005    0.00945      0.12959      0.10728      0.00000      0.00000      0.00000      
8300    0.50546    0.00004    0.00005    0.00998      0.13008      0.10527      0.00000      0.00000      0.00000      
8400    0.50482    0.00004    0.00005    0.00972      0.13018      0.10622      0.00000      0.00000      0.00000      
8500    0.50089    0.00004    0.00005    0.00947      0.12957      0.10724      0.00000      0.00000      0.00000      
8600    0.50549    0.00004    0.00005    0.01001      0.13010      0.10519      0.00000      0.00000      0.00000      
8700    0.50482    0.00004    0.00005    0.00973      0.13021      0.10616      0.00000      0.00000      0.00000      
8800    0.50082    0.00004    0.00005    0.00949      0.12957      0.10724      0.00000      0.00000      0.00000      
8900    0.50549    0.00004    0.00005    0.00996      0.13011      0.10526      0.00000      0.00000      0.00000      
9000    0.50480    0.00004    0.00005    0.00971      0.13023      0.10615      0.00000      0.00000      0.00000      
9100    0.50088    0.00004    0.00005    0.00949      0.12956      0.10721      0.00000      0.00000      0.00000      
9200    0.50557    0.00004    0.00005    0.00995      0.13012      0.10527      0.00000      0.00000      0.00000      
9300    0.50485    0.00004    0.00005    0.00973      0.13022      0.10615      0.00000      0.00000      0.00000      
9400    0.50091    0.00004    0.00005    0.00949      0.12953      0.10724      0.00000      0.00000      0.00000      
9500    0.50546    0.00004    0.00005    0.01000      0.13009      0.10519      0.00000      0.00000      0.00000      
9600    0.50481    0.00004    0.00005    0.00971      0.13020      0.10611      0.00000      0.00000      0.00000      
9700    0.50098    0.00004    0.00005    0.00952      0.12963      0.10720      0.00000      0.00000      0.00000      
9800    0.50549    0.00004    0.00005    0.00997      0.13007      0.10527      0.00000      0.00000      0.00000      
9900    0.50480    0.00004    0.00005    0.00974      0.13015      0.10620      0.00000      0.00000      0.00000      
10000   0.50096    0.00004    0.00005    0.01010      0.12954      0.10525      0.00000      0.00000      0.00000      

