
***************************************************************
*                 Welcome to use GPUMD                        *
*     (Graphics Processing Units Molecular Dynamics)          *
*                     version 4.4                             *
*              This is the gpumd executable                   *
***************************************************************


---------------------------------------------------------------
Compiling options:
---------------------------------------------------------------

DEBUG is off: Use different PRNG seeds for different runs.

---------------------------------------------------------------
GPU information:
---------------------------------------------------------------

number of GPUs = 1
Device id:                   0
    Device name:             NVIDIA GeForce RTX 3090
    Compute capability:      8.6
    Amount of global memory: 23.5568 GB
    Number of SMs:           82

---------------------------------------------------------------
Started running GPUMD.
---------------------------------------------------------------


---------------------------------------------------------------
Started initializing positions and related parameters.
---------------------------------------------------------------

Number of atoms is 54.
Use periodic boundary conditions along x.
Use periodic boundary conditions along y.
Use periodic boundary conditions along z.
Box matrix h = [a, b, c] is
    1.0131054955e+01    4.0792826300e-05    4.9996321634e-03
    5.3133965906e-05    7.4772578556e+00   -6.0464348477e-06
   -4.4271346919e-03   -3.2759929680e-06    7.9218095221e+00
Inverse box matrix g = inv(h) is
    9.8706376447e-02   -5.3852845890e-07   -6.2295814649e-05
   -7.0137044969e-07    1.3373886782e-01    1.0252076156e-07
    5.5162449939e-05    5.5005545299e-08    1.2623375018e-01
Do not specify initial velocities here.
Have no grouping method.
There are 2 atom types.
    6 atoms of type 0.
    48 atoms of type 1.
Initialized velocities with default T = 300 K.

---------------------------------------------------------------
Finished initializing positions and related parameters.
---------------------------------------------------------------


---------------------------------------------------------------
Started executing the commands in run.in.
---------------------------------------------------------------

Use the NEP4 potential with 2 atom types.
    type 0 (C with Z = 6).
    type 1 (Fe with Z = 26).
    has the universal ZBL with inner cutoff 1 A and outer cutoff 2 A.
    radial cutoff = 7.5 A.
    angular cutoff = 6.5 A.
    MN_radial = 210.
    enlarged MN_radial = 263.
    enlarged MN_angular = 179.
    n_max_radial = 8.
    n_max_angular = 6.
    basis_size_radial = 12.
    basis_size_angular = 12.
    l_max_3body = 4.
    l_max_4body = 2.
    l_max_5body = 1.
    ANN = 51-60-1.
    number of neural network parameters = 6361.
    number of descriptor parameters = 832.
    total number of parameters = 7193.

Start to do an energy minimization.
    using the fast inertial relaxation engine (FIRE) method.
    with variable box.
    with a force tolerance of 1e-05 eV/A.
    for maximally 1000 steps.

Energy minimization with changed box started.
    step 0: total_potential = -456.1723431483 eV, f_max = 0.1429295326 eV/A, pressure = -0.7234168108 GPa.
    step 100: total_potential = -456.2072114506 eV, f_max = 0.0090492588 eV/A, pressure = -0.1497814607 GPa.
    step 200: total_potential = -456.2102909849 eV, f_max = 0.0042325272 eV/A, pressure = -0.0264213705 GPa.
    step 300: total_potential = -456.2112099399 eV, f_max = 0.0025809763 eV/A, pressure = -0.0049749470 GPa.
    step 400: total_potential = -456.2115916809 eV, f_max = 0.0016070711 eV/A, pressure = -0.0003504173 GPa.
    step 500: total_potential = -456.2117031435 eV, f_max = 0.0010390369 eV/A, pressure = 0.0003280405 GPa.
    step 600: total_potential = -456.2117562055 eV, f_max = 0.0006487594 eV/A, pressure = 0.0002845525 GPa.
    step 700: total_potential = -456.2117719997 eV, f_max = 0.0004120089 eV/A, pressure = 0.0001753339 GPa.
    step 800: total_potential = -456.2117829008 eV, f_max = 0.0002687390 eV/A, pressure = 0.0001302460 GPa.
    step 900: total_potential = -456.2117974777 eV, f_max = 0.0001683769 eV/A, pressure = 0.0000717253 GPa.
    step 1000: total_potential = -456.2117874816 eV, f_max = 0.0001130029 eV/A, pressure = 0.0000385465 GPa.
Energy minimization finished.
Use NVE ensemble for this run.
Time step for this run is 0 fs.
Dump extended XYZ.
    for the whole system.
    every 1 steps.
    into file relaxed.xyz.
Run 1 steps.
    1 steps completed.

---------------------------------------------------------------
Time used for this run = 0.00762586 second.
Speed of this run = 7081.17 atom*step/second.
---------------------------------------------------------------


---------------------------------------------------------------
Finished executing the commands in run.in.
---------------------------------------------------------------


---------------------------------------------------------------
Time used = 3.745856 s.
---------------------------------------------------------------


---------------------------------------------------------------
Finished running GPUMD.
---------------------------------------------------------------

