
***************************************************************
*                 Welcome to use GPUMD                        *
*     (Graphics Processing Units Molecular Dynamics)          *
*                     version 4.4                             *
*              This is the gpumd executable                   *
***************************************************************


---------------------------------------------------------------
Compiling options:
---------------------------------------------------------------

DEBUG is off: Use different PRNG seeds for different runs.

---------------------------------------------------------------
GPU information:
---------------------------------------------------------------

number of GPUs = 1
Device id:                   0
    Device name:             NVIDIA GeForce RTX 3090
    Compute capability:      8.6
    Amount of global memory: 23.5568 GB
    Number of SMs:           82

---------------------------------------------------------------
Started running GPUMD.
---------------------------------------------------------------


---------------------------------------------------------------
Started initializing positions and related parameters.
---------------------------------------------------------------

Number of atoms is 58.
Use periodic boundary conditions along x.
Use periodic boundary conditions along y.
Use periodic boundary conditions along z.
Box matrix h = [a, b, c] is
    1.0060983963e+01    6.0681239400e-07    2.3558237406e-02
    9.7164097960e-07    7.0096257732e+00    1.7648404751e-05
    2.7574756391e-02    1.4510638267e-05    8.5223208420e+00
Inverse box matrix g = inv(h) is
    9.9394609911e-02   -8.0356630901e-09   -2.7475635574e-04
   -1.2967902182e-08    1.4266096827e-01   -2.9539289307e-07
   -3.2160044259e-04   -2.4287751684e-07    1.1733981798e-01
Do not specify initial velocities here.
Have no grouping method.
There are 2 atom types.
    10 atoms of type 0.
    48 atoms of type 1.
Initialized velocities with default T = 300 K.

---------------------------------------------------------------
Finished initializing positions and related parameters.
---------------------------------------------------------------


---------------------------------------------------------------
Started executing the commands in run.in.
---------------------------------------------------------------

Use the NEP4 potential with 2 atom types.
    type 0 (C with Z = 6).
    type 1 (Fe with Z = 26).
    has the universal ZBL with inner cutoff 1 A and outer cutoff 2 A.
    radial cutoff = 7.5 A.
    angular cutoff = 6.5 A.
    MN_radial = 210.
    enlarged MN_radial = 263.
    enlarged MN_angular = 179.
    n_max_radial = 8.
    n_max_angular = 6.
    basis_size_radial = 12.
    basis_size_angular = 12.
    l_max_3body = 4.
    l_max_4body = 2.
    l_max_5body = 1.
    ANN = 51-60-1.
    number of neural network parameters = 6361.
    number of descriptor parameters = 832.
    total number of parameters = 7193.

Start to do an energy minimization.
    using the fast inertial relaxation engine (FIRE) method.
    with variable box.
    with a force tolerance of 1e-05 eV/A.
    for maximally 1000 steps.

Energy minimization with changed box started.
    step 0: total_potential = -491.2132774500 eV, f_max = 0.2095351097 eV/A, pressure = -0.9799957791 GPa.
    step 100: total_potential = -491.3004042152 eV, f_max = 0.0114220576 eV/A, pressure = -0.3695118421 GPa.
    step 200: total_potential = -491.3219316160 eV, f_max = 0.0094671760 eV/A, pressure = 0.0445880260 GPa.
    step 300: total_potential = -491.3284890798 eV, f_max = 0.0071229900 eV/A, pressure = 0.0296067188 GPa.
    step 400: total_potential = -491.3322884755 eV, f_max = 0.0050486998 eV/A, pressure = -0.0388581047 GPa.
    step 500: total_potential = -491.3348007335 eV, f_max = 0.0048944541 eV/A, pressure = -0.0476409681 GPa.
    step 600: total_potential = -491.3372758163 eV, f_max = 0.0055762907 eV/A, pressure = -0.0670576540 GPa.
    step 700: total_potential = -491.3396118028 eV, f_max = 0.0058824980 eV/A, pressure = -0.0737945022 GPa.
    step 800: total_potential = -491.3420313735 eV, f_max = 0.0063939219 eV/A, pressure = -0.0855110112 GPa.
    step 900: total_potential = -491.3451406440 eV, f_max = 0.0097620112 eV/A, pressure = -0.1082539262 GPa.
    step 1000: total_potential = -491.3482515623 eV, f_max = 0.0077445413 eV/A, pressure = -0.1150090763 GPa.
Energy minimization finished.
Use NVE ensemble for this run.
Time step for this run is 0 fs.
Dump extended XYZ.
    for the whole system.
    every 1 steps.
    into file relaxed.xyz.
Run 1 steps.
    1 steps completed.

---------------------------------------------------------------
Time used for this run = 0.00793301 second.
Speed of this run = 7311.22 atom*step/second.
---------------------------------------------------------------


---------------------------------------------------------------
Finished executing the commands in run.in.
---------------------------------------------------------------


---------------------------------------------------------------
Time used = 4.031170 s.
---------------------------------------------------------------


---------------------------------------------------------------
Finished running GPUMD.
---------------------------------------------------------------

