
***************************************************************
*                 Welcome to use GPUMD                        *
*     (Graphics Processing Units Molecular Dynamics)          *
*                     version 4.4                             *
*              This is the gpumd executable                   *
***************************************************************


---------------------------------------------------------------
Compiling options:
---------------------------------------------------------------

DEBUG is off: Use different PRNG seeds for different runs.

---------------------------------------------------------------
GPU information:
---------------------------------------------------------------

number of GPUs = 1
Device id:                   0
    Device name:             NVIDIA GeForce RTX 3090
    Compute capability:      8.6
    Amount of global memory: 23.5568 GB
    Number of SMs:           82

---------------------------------------------------------------
Started running GPUMD.
---------------------------------------------------------------


---------------------------------------------------------------
Started initializing positions and related parameters.
---------------------------------------------------------------

Number of atoms is 51.
Use periodic boundary conditions along x.
Use periodic boundary conditions along y.
Use periodic boundary conditions along z.
Box matrix h = [a, b, c] is
    9.9442479305e+00    6.2469391760e-07    9.3145196666e-03
   -7.2543730970e-07    7.3417050890e+00   -7.0208855430e-07
   -1.2175582496e-02    7.1393132480e-07    7.9928453268e+00
Inverse box matrix g = inv(h) is
    1.0056050293e-01   -8.5451361695e-09   -1.1718890382e-04
    9.9510793667e-09    1.3620814073e-01    1.1952875751e-08
    1.5318483584e-04   -1.2179304915e-08    1.2511171332e-01
Do not specify initial velocities here.
Have no grouping method.
There are 2 atom types.
    3 atoms of type 0.
    48 atoms of type 1.
Initialized velocities with default T = 300 K.

---------------------------------------------------------------
Finished initializing positions and related parameters.
---------------------------------------------------------------


---------------------------------------------------------------
Started executing the commands in run.in.
---------------------------------------------------------------

Use the NEP4 potential with 2 atom types.
    type 0 (C with Z = 6).
    type 1 (Fe with Z = 26).
    has the universal ZBL with inner cutoff 1 A and outer cutoff 2 A.
    radial cutoff = 7.5 A.
    angular cutoff = 6.5 A.
    MN_radial = 210.
    enlarged MN_radial = 263.
    enlarged MN_angular = 179.
    n_max_radial = 8.
    n_max_angular = 6.
    basis_size_radial = 12.
    basis_size_angular = 12.
    l_max_3body = 4.
    l_max_4body = 2.
    l_max_5body = 1.
    ANN = 51-60-1.
    number of neural network parameters = 6361.
    number of descriptor parameters = 832.
    total number of parameters = 7193.

Start to do an energy minimization.
    using the fast inertial relaxation engine (FIRE) method.
    with variable box.
    with a force tolerance of 1e-05 eV/A.
    for maximally 1000 steps.

Energy minimization with changed box started.
    step 0: total_potential = -428.9157336546 eV, f_max = 0.1504182090 eV/A, pressure = -0.2896755602 GPa.
    step 100: total_potential = -428.9389702416 eV, f_max = 0.0079695589 eV/A, pressure = -0.0792444402 GPa.
    step 200: total_potential = -428.9424693719 eV, f_max = 0.0052711691 eV/A, pressure = -0.0293412323 GPa.
    step 300: total_potential = -428.9439130655 eV, f_max = 0.0036868763 eV/A, pressure = -0.0139289051 GPa.
    step 400: total_potential = -428.9446095534 eV, f_max = 0.0024079531 eV/A, pressure = -0.0057831654 GPa.
    step 500: total_potential = -428.9448806924 eV, f_max = 0.0016699271 eV/A, pressure = -0.0032809116 GPa.
    step 600: total_potential = -428.9450441850 eV, f_max = 0.0011401023 eV/A, pressure = -0.0021295659 GPa.
    step 700: total_potential = -428.9451006455 eV, f_max = 0.0007735320 eV/A, pressure = -0.0014052010 GPa.
    step 800: total_potential = -428.9451307904 eV, f_max = 0.0005425061 eV/A, pressure = -0.0009802386 GPa.
    step 900: total_potential = -428.9451537286 eV, f_max = 0.0003614019 eV/A, pressure = -0.0006450725 GPa.
    step 1000: total_potential = -428.9451508248 eV, f_max = 0.0002572988 eV/A, pressure = -0.0004567262 GPa.
Energy minimization finished.
Use NVE ensemble for this run.
Time step for this run is 0 fs.
Dump extended XYZ.
    for the whole system.
    every 1 steps.
    into file relaxed.xyz.
Run 1 steps.
    1 steps completed.

---------------------------------------------------------------
Time used for this run = 0.0072601 second.
Speed of this run = 7024.7 atom*step/second.
---------------------------------------------------------------


---------------------------------------------------------------
Finished executing the commands in run.in.
---------------------------------------------------------------


---------------------------------------------------------------
Time used = 3.569933 s.
---------------------------------------------------------------


---------------------------------------------------------------
Finished running GPUMD.
---------------------------------------------------------------

