
***************************************************************
*                 Welcome to use GPUMD                        *
*     (Graphics Processing Units Molecular Dynamics)          *
*                     version 4.4                             *
*              This is the gpumd executable                   *
***************************************************************


---------------------------------------------------------------
Compiling options:
---------------------------------------------------------------

DEBUG is off: Use different PRNG seeds for different runs.

---------------------------------------------------------------
GPU information:
---------------------------------------------------------------

number of GPUs = 1
Device id:                   0
    Device name:             NVIDIA GeForce RTX 3090
    Compute capability:      8.6
    Amount of global memory: 23.5568 GB
    Number of SMs:           82

---------------------------------------------------------------
Started running GPUMD.
---------------------------------------------------------------


---------------------------------------------------------------
Started initializing positions and related parameters.
---------------------------------------------------------------

Number of atoms is 59.
Use periodic boundary conditions along x.
Use periodic boundary conditions along y.
Use periodic boundary conditions along z.
Box matrix h = [a, b, c] is
    1.0041456492e+01    4.5704504725e-06    1.8307982996e-02
    6.7328213486e-06    6.8330165127e+00    1.6744767241e-05
    2.0813538314e-02    1.3325848424e-05    8.7159910812e+00
Inverse box matrix g = inv(h) is
    9.9587580210e-02   -6.6203929858e-08   -2.0918421175e-04
   -9.7544513933e-08    1.4634824870e-01   -2.8095273327e-07
   -2.3781230335e-04   -2.2359323491e-07    1.1473214515e-01
Do not specify initial velocities here.
Have no grouping method.
There are 2 atom types.
    11 atoms of type 0.
    48 atoms of type 1.
Initialized velocities with default T = 300 K.

---------------------------------------------------------------
Finished initializing positions and related parameters.
---------------------------------------------------------------


---------------------------------------------------------------
Started executing the commands in run.in.
---------------------------------------------------------------

Use the NEP4 potential with 2 atom types.
    type 0 (C with Z = 6).
    type 1 (Fe with Z = 26).
    has the universal ZBL with inner cutoff 1 A and outer cutoff 2 A.
    radial cutoff = 7.5 A.
    angular cutoff = 6.5 A.
    MN_radial = 210.
    enlarged MN_radial = 263.
    enlarged MN_angular = 179.
    n_max_radial = 8.
    n_max_angular = 6.
    basis_size_radial = 12.
    basis_size_angular = 12.
    l_max_3body = 4.
    l_max_4body = 2.
    l_max_5body = 1.
    ANN = 51-60-1.
    number of neural network parameters = 6361.
    number of descriptor parameters = 832.
    total number of parameters = 7193.

Start to do an energy minimization.
    using the fast inertial relaxation engine (FIRE) method.
    with variable box.
    with a force tolerance of 1e-05 eV/A.
    for maximally 1000 steps.

Energy minimization with changed box started.
    step 0: total_potential = -501.0768196548 eV, f_max = 0.2711230533 eV/A, pressure = -2.0219734378 GPa.
    step 100: total_potential = -501.2373700356 eV, f_max = 0.0255080700 eV/A, pressure = -0.8639243189 GPa.
    step 200: total_potential = -501.2657642988 eV, f_max = 0.0158304297 eV/A, pressure = -0.3383934872 GPa.
    step 300: total_potential = -501.2761775053 eV, f_max = 0.0107578415 eV/A, pressure = -0.1492860305 GPa.
    step 400: total_potential = -501.2821893392 eV, f_max = 0.0072234575 eV/A, pressure = -0.0712797558 GPa.
    step 500: total_potential = -501.2847103414 eV, f_max = 0.0051882516 eV/A, pressure = -0.0422844951 GPa.
    step 600: total_potential = -501.2861282487 eV, f_max = 0.0036432011 eV/A, pressure = -0.0270122826 GPa.
    step 700: total_potential = -501.2868179044 eV, f_max = 0.0025761343 eV/A, pressure = -0.0183846733 GPa.
    step 800: total_potential = -501.2871608525 eV, f_max = 0.0018523431 eV/A, pressure = -0.0126650224 GPa.
    step 900: total_potential = -501.2873276713 eV, f_max = 0.0012805952 eV/A, pressure = -0.0088169582 GPa.
    step 1000: total_potential = -501.2874117965 eV, f_max = 0.0009436652 eV/A, pressure = -0.0063380889 GPa.
Energy minimization finished.
Use NVE ensemble for this run.
Time step for this run is 0 fs.
Dump extended XYZ.
    for the whole system.
    every 1 steps.
    into file relaxed.xyz.
Run 1 steps.
    1 steps completed.

---------------------------------------------------------------
Time used for this run = 0.00807148 second.
Speed of this run = 7309.69 atom*step/second.
---------------------------------------------------------------


---------------------------------------------------------------
Finished executing the commands in run.in.
---------------------------------------------------------------


---------------------------------------------------------------
Time used = 3.998742 s.
---------------------------------------------------------------


---------------------------------------------------------------
Finished running GPUMD.
---------------------------------------------------------------

