
***************************************************************
*                 Welcome to use GPUMD                        *
*     (Graphics Processing Units Molecular Dynamics)          *
*                     version 4.4                             *
*              This is the gpumd executable                   *
***************************************************************


---------------------------------------------------------------
Compiling options:
---------------------------------------------------------------

DEBUG is off: Use different PRNG seeds for different runs.

---------------------------------------------------------------
GPU information:
---------------------------------------------------------------

number of GPUs = 1
Device id:                   0
    Device name:             NVIDIA GeForce RTX 3090
    Compute capability:      8.6
    Amount of global memory: 23.5568 GB
    Number of SMs:           82

---------------------------------------------------------------
Started running GPUMD.
---------------------------------------------------------------


---------------------------------------------------------------
Started initializing positions and related parameters.
---------------------------------------------------------------

Number of atoms is 60.
Use periodic boundary conditions along x.
Use periodic boundary conditions along y.
Use periodic boundary conditions along z.
Box matrix h = [a, b, c] is
    1.0041967235e+01   -1.0671512800e-07    7.8024713672e-03
    5.4520700400e-08    6.7939858651e+00   -7.5125520389e-06
    8.9715410114e-03   -5.6273984418e-06    8.7783182530e+00
Inverse box matrix g = inv(h) is
    9.9582160617e-02    1.4908524447e-09   -8.8512051453e-05
   -9.1166989277e-10    1.4718900213e-01    1.2596628642e-07
   -1.0177409980e-04    9.4354950704e-08    1.1391712687e-01
Do not specify initial velocities here.
Have no grouping method.
There are 2 atom types.
    12 atoms of type 0.
    48 atoms of type 1.
Initialized velocities with default T = 300 K.

---------------------------------------------------------------
Finished initializing positions and related parameters.
---------------------------------------------------------------


---------------------------------------------------------------
Started executing the commands in run.in.
---------------------------------------------------------------

Use the NEP4 potential with 2 atom types.
    type 0 (C with Z = 6).
    type 1 (Fe with Z = 26).
    has the universal ZBL with inner cutoff 1 A and outer cutoff 2 A.
    radial cutoff = 7.5 A.
    angular cutoff = 6.5 A.
    MN_radial = 210.
    enlarged MN_radial = 263.
    enlarged MN_angular = 179.
    n_max_radial = 8.
    n_max_angular = 6.
    basis_size_radial = 12.
    basis_size_angular = 12.
    l_max_3body = 4.
    l_max_4body = 2.
    l_max_5body = 1.
    ANN = 51-60-1.
    number of neural network parameters = 6361.
    number of descriptor parameters = 832.
    total number of parameters = 7193.

Start to do an energy minimization.
    using the fast inertial relaxation engine (FIRE) method.
    with variable box.
    with a force tolerance of 1e-05 eV/A.
    for maximally 1000 steps.

Energy minimization with changed box started.
    step 0: total_potential = -510.8014293166 eV, f_max = 0.2551327890 eV/A, pressure = -2.0828351395 GPa.
    step 100: total_potential = -510.9222398427 eV, f_max = 0.0184005903 eV/A, pressure = -0.7000708212 GPa.
    step 200: total_potential = -510.9349728183 eV, f_max = 0.0098547691 eV/A, pressure = -0.2144747422 GPa.
    step 300: total_potential = -510.9388233518 eV, f_max = 0.0061939569 eV/A, pressure = -0.0768547969 GPa.
    step 400: total_potential = -510.9407293441 eV, f_max = 0.0040192461 eV/A, pressure = -0.0301991286 GPa.
    step 500: total_potential = -510.9415042025 eV, f_max = 0.0028768515 eV/A, pressure = -0.0167006003 GPa.
    step 600: total_potential = -510.9419371175 eV, f_max = 0.0020099032 eV/A, pressure = -0.0103975801 GPa.
    step 700: total_potential = -510.9421508115 eV, f_max = 0.0014389321 eV/A, pressure = -0.0072130471 GPa.
    step 800: total_potential = -510.9422586504 eV, f_max = 0.0010376457 eV/A, pressure = -0.0050020961 GPa.
    step 900: total_potential = -510.9423082319 eV, f_max = 0.0007289600 eV/A, pressure = -0.0035789642 GPa.
    step 1000: total_potential = -510.9423391354 eV, f_max = 0.0005404145 eV/A, pressure = -0.0025792003 GPa.
Energy minimization finished.
Use NVE ensemble for this run.
Time step for this run is 0 fs.
Dump extended XYZ.
    for the whole system.
    every 1 steps.
    into file relaxed.xyz.
Run 1 steps.
    1 steps completed.

---------------------------------------------------------------
Time used for this run = 0.00813554 second.
Speed of this run = 7375.05 atom*step/second.
---------------------------------------------------------------


---------------------------------------------------------------
Finished executing the commands in run.in.
---------------------------------------------------------------


---------------------------------------------------------------
Time used = 4.042027 s.
---------------------------------------------------------------


---------------------------------------------------------------
Finished running GPUMD.
---------------------------------------------------------------

