
***************************************************************
*                 Welcome to use GPUMD                        *
*     (Graphics Processing Units Molecular Dynamics)          *
*                     version 4.4                             *
*              This is the gpumd executable                   *
***************************************************************


---------------------------------------------------------------
Compiling options:
---------------------------------------------------------------

DEBUG is off: Use different PRNG seeds for different runs.

---------------------------------------------------------------
GPU information:
---------------------------------------------------------------

number of GPUs = 1
Device id:                   0
    Device name:             NVIDIA GeForce RTX 3090
    Compute capability:      8.6
    Amount of global memory: 23.5568 GB
    Number of SMs:           82

---------------------------------------------------------------
Started running GPUMD.
---------------------------------------------------------------


---------------------------------------------------------------
Started initializing positions and related parameters.
---------------------------------------------------------------

Number of atoms is 57.
Use periodic boundary conditions along x.
Use periodic boundary conditions along y.
Use periodic boundary conditions along z.
Box matrix h = [a, b, c] is
    1.0031115672e+01    3.0531036840e-07    1.7843463330e-01
    7.0202629820e-07    7.0983085489e+00    2.5710877143e-05
    2.0706673181e-01    2.1326876191e-05    8.4176199251e+00
Inverse box matrix g = inv(h) is
    9.9733449169e-02    2.0621853369e-09   -2.1141250838e-03
   -9.7732903380e-10    1.4087863230e-01   -4.3028063158e-07
   -2.4533632493e-03   -3.5698073632e-07    1.1885043206e-01
Do not specify initial velocities here.
Have no grouping method.
There are 2 atom types.
    9 atoms of type 0.
    48 atoms of type 1.
Initialized velocities with default T = 300 K.

---------------------------------------------------------------
Finished initializing positions and related parameters.
---------------------------------------------------------------


---------------------------------------------------------------
Started executing the commands in run.in.
---------------------------------------------------------------

Use the NEP4 potential with 2 atom types.
    type 0 (C with Z = 6).
    type 1 (Fe with Z = 26).
    has the universal ZBL with inner cutoff 1 A and outer cutoff 2 A.
    radial cutoff = 7.5 A.
    angular cutoff = 6.5 A.
    MN_radial = 210.
    enlarged MN_radial = 263.
    enlarged MN_angular = 179.
    n_max_radial = 8.
    n_max_angular = 6.
    basis_size_radial = 12.
    basis_size_angular = 12.
    l_max_3body = 4.
    l_max_4body = 2.
    l_max_5body = 1.
    ANN = 51-60-1.
    number of neural network parameters = 6361.
    number of descriptor parameters = 832.
    total number of parameters = 7193.

Start to do an energy minimization.
    using the fast inertial relaxation engine (FIRE) method.
    with variable box.
    with a force tolerance of 1e-05 eV/A.
    for maximally 1000 steps.

Energy minimization with changed box started.
    step 0: total_potential = -481.8210492424 eV, f_max = 0.2070108327 eV/A, pressure = -0.4815200988 GPa.
    step 100: total_potential = -481.8927665996 eV, f_max = 0.0394303802 eV/A, pressure = -0.1922608197 GPa.
    step 200: total_potential = -481.9566568174 eV, f_max = 0.0068182772 eV/A, pressure = 0.1573876226 GPa.
    step 300: total_potential = -481.9611065276 eV, f_max = 0.0047322043 eV/A, pressure = 0.0756435733 GPa.
    step 400: total_potential = -481.9635608394 eV, f_max = 0.0036792486 eV/A, pressure = 0.0327637379 GPa.
    step 500: total_potential = -481.9649512234 eV, f_max = 0.0028149220 eV/A, pressure = 0.0171045423 GPa.
    step 600: total_potential = -481.9656457712 eV, f_max = 0.0021788871 eV/A, pressure = 0.0106095116 GPa.
    step 700: total_potential = -481.9661247472 eV, f_max = 0.0016546873 eV/A, pressure = 0.0071911042 GPa.
    step 800: total_potential = -481.9663653942 eV, f_max = 0.0012586302 eV/A, pressure = 0.0045295330 GPa.
    step 900: total_potential = -481.9665265105 eV, f_max = 0.0009688033 eV/A, pressure = 0.0035144870 GPa.
    step 1000: total_potential = -481.9666155750 eV, f_max = 0.0007307486 eV/A, pressure = 0.0023496303 GPa.
Energy minimization finished.
Use NVE ensemble for this run.
Time step for this run is 0 fs.
Dump extended XYZ.
    for the whole system.
    every 1 steps.
    into file relaxed.xyz.
Run 1 steps.
    1 steps completed.

---------------------------------------------------------------
Time used for this run = 0.0081328 second.
Speed of this run = 7008.65 atom*step/second.
---------------------------------------------------------------


---------------------------------------------------------------
Finished executing the commands in run.in.
---------------------------------------------------------------


---------------------------------------------------------------
Time used = 4.025447 s.
---------------------------------------------------------------


---------------------------------------------------------------
Finished running GPUMD.
---------------------------------------------------------------

