
***************************************************************
*                 Welcome to use GPUMD                        *
*     (Graphics Processing Units Molecular Dynamics)          *
*                     version 4.4                             *
*              This is the gpumd executable                   *
***************************************************************


---------------------------------------------------------------
Compiling options:
---------------------------------------------------------------

DEBUG is off: Use different PRNG seeds for different runs.

---------------------------------------------------------------
GPU information:
---------------------------------------------------------------

number of GPUs = 1
Device id:                   0
    Device name:             NVIDIA GeForce RTX 3090
    Compute capability:      8.6
    Amount of global memory: 23.5568 GB
    Number of SMs:           82

---------------------------------------------------------------
Started running GPUMD.
---------------------------------------------------------------


---------------------------------------------------------------
Started initializing positions and related parameters.
---------------------------------------------------------------

Number of atoms is 55.
Use periodic boundary conditions along x.
Use periodic boundary conditions along y.
Use periodic boundary conditions along z.
Box matrix h = [a, b, c] is
    9.9642920219e+00    1.5008131716e-05   -1.1854280682e-01
    2.1405831312e-05    7.1024127995e+00   -1.2760615908e-05
   -1.4230198944e-01   -1.0830994988e-05    8.3665447879e+00
Inverse box matrix g = inv(h) is
    1.0037867058e-01   -2.0994162996e-07    1.4222321944e-03
   -2.9946201796e-07    1.4079722317e-01    2.1050030357e-07
    1.7072859681e-03    1.7869968366e-07    1.1954784344e-01
Do not specify initial velocities here.
Have no grouping method.
There are 2 atom types.
    7 atoms of type 0.
    48 atoms of type 1.
Initialized velocities with default T = 300 K.

---------------------------------------------------------------
Finished initializing positions and related parameters.
---------------------------------------------------------------


---------------------------------------------------------------
Started executing the commands in run.in.
---------------------------------------------------------------

Use the NEP4 potential with 2 atom types.
    type 0 (C with Z = 6).
    type 1 (Fe with Z = 26).
    has the universal ZBL with inner cutoff 1 A and outer cutoff 2 A.
    radial cutoff = 7.5 A.
    angular cutoff = 6.5 A.
    MN_radial = 210.
    enlarged MN_radial = 263.
    enlarged MN_angular = 179.
    n_max_radial = 8.
    n_max_angular = 6.
    basis_size_radial = 12.
    basis_size_angular = 12.
    l_max_3body = 4.
    l_max_4body = 2.
    l_max_5body = 1.
    ANN = 51-60-1.
    number of neural network parameters = 6361.
    number of descriptor parameters = 832.
    total number of parameters = 7193.

Start to do an energy minimization.
    using the fast inertial relaxation engine (FIRE) method.
    with variable box.
    with a force tolerance of 1e-05 eV/A.
    for maximally 1000 steps.

Energy minimization with changed box started.
    step 0: total_potential = -463.7530678616 eV, f_max = 0.1917062293 eV/A, pressure = -0.6561931413 GPa.
    step 100: total_potential = -463.8098583077 eV, f_max = 0.0060976248 eV/A, pressure = -0.1301001864 GPa.
    step 200: total_potential = -463.8346743867 eV, f_max = 0.0073273029 eV/A, pressure = 0.0785625667 GPa.
    step 300: total_potential = -463.8419897054 eV, f_max = 0.0054828400 eV/A, pressure = 0.0253209492 GPa.
    step 400: total_potential = -463.8461204653 eV, f_max = 0.0040572761 eV/A, pressure = 0.0135630240 GPa.
    step 500: total_potential = -463.8486134106 eV, f_max = 0.0032224464 eV/A, pressure = 0.0090090558 GPa.
    step 600: total_potential = -463.8505315654 eV, f_max = 0.0028804031 eV/A, pressure = 0.0061128352 GPa.
    step 700: total_potential = -463.8515970031 eV, f_max = 0.0025216987 eV/A, pressure = 0.0040526358 GPa.
    step 800: total_potential = -463.8525013501 eV, f_max = 0.0022592442 eV/A, pressure = 0.0022640904 GPa.
    step 900: total_potential = -463.8530864614 eV, f_max = 0.0019736958 eV/A, pressure = 0.0011363679 GPa.
    step 1000: total_potential = -463.8535542091 eV, f_max = 0.0017532959 eV/A, pressure = -0.0000624822 GPa.
Energy minimization finished.
Use NVE ensemble for this run.
Time step for this run is 0 fs.
Dump extended XYZ.
    for the whole system.
    every 1 steps.
    into file relaxed.xyz.
Run 1 steps.
    1 steps completed.

---------------------------------------------------------------
Time used for this run = 0.00785897 second.
Speed of this run = 6998.37 atom*step/second.
---------------------------------------------------------------


---------------------------------------------------------------
Finished executing the commands in run.in.
---------------------------------------------------------------


---------------------------------------------------------------
Time used = 3.858105 s.
---------------------------------------------------------------


---------------------------------------------------------------
Finished running GPUMD.
---------------------------------------------------------------

