
***************************************************************
*                 Welcome to use GPUMD                        *
*     (Graphics Processing Units Molecular Dynamics)          *
*                     version 4.4                             *
*              This is the gpumd executable                   *
***************************************************************


---------------------------------------------------------------
Compiling options:
---------------------------------------------------------------

DEBUG is off: Use different PRNG seeds for different runs.

---------------------------------------------------------------
GPU information:
---------------------------------------------------------------

number of GPUs = 1
Device id:                   0
    Device name:             NVIDIA GeForce RTX 3090
    Compute capability:      8.6
    Amount of global memory: 23.5568 GB
    Number of SMs:           82

---------------------------------------------------------------
Started running GPUMD.
---------------------------------------------------------------


---------------------------------------------------------------
Started initializing positions and related parameters.
---------------------------------------------------------------

Number of atoms is 56.
Use periodic boundary conditions along x.
Use periodic boundary conditions along y.
Use periodic boundary conditions along z.
Box matrix h = [a, b, c] is
    1.0005259865e+01   -7.5789258215e-06   -2.8442494662e-01
   -9.8794292442e-06    7.1669170163e+00    2.5868799520e-07
   -3.3262076024e-01   -2.8899330630e-07    8.3376596854e+00
Inverse box matrix g = inv(h) is
    1.0006090629e-01    1.0595080648e-07    3.4134060400e-03
    1.3778756036e-07    1.3953000959e-01    3.7126497941e-10
    3.9918077704e-03    9.0630559953e-09    1.2007390653e-01
Do not specify initial velocities here.
Have no grouping method.
There are 2 atom types.
    8 atoms of type 0.
    48 atoms of type 1.
Initialized velocities with default T = 300 K.

---------------------------------------------------------------
Finished initializing positions and related parameters.
---------------------------------------------------------------


---------------------------------------------------------------
Started executing the commands in run.in.
---------------------------------------------------------------

Use the NEP4 potential with 2 atom types.
    type 0 (C with Z = 6).
    type 1 (Fe with Z = 26).
    has the universal ZBL with inner cutoff 1 A and outer cutoff 2 A.
    radial cutoff = 7.5 A.
    angular cutoff = 6.5 A.
    MN_radial = 210.
    enlarged MN_radial = 263.
    enlarged MN_angular = 179.
    n_max_radial = 8.
    n_max_angular = 6.
    basis_size_radial = 12.
    basis_size_angular = 12.
    l_max_3body = 4.
    l_max_4body = 2.
    l_max_5body = 1.
    ANN = 51-60-1.
    number of neural network parameters = 6361.
    number of descriptor parameters = 832.
    total number of parameters = 7193.

Start to do an energy minimization.
    using the fast inertial relaxation engine (FIRE) method.
    with variable box.
    with a force tolerance of 1e-05 eV/A.
    for maximally 1000 steps.

Energy minimization with changed box started.
    step 0: total_potential = -472.8567645825 eV, f_max = 0.2166773953 eV/A, pressure = -0.2408107766 GPa.
    step 100: total_potential = -472.9350744394 eV, f_max = 0.0054493542 eV/A, pressure = -0.0966262443 GPa.
    step 200: total_potential = -473.0065733362 eV, f_max = 0.0163689368 eV/A, pressure = 0.3533037154 GPa.
    step 300: total_potential = -473.0155008524 eV, f_max = 0.0071977273 eV/A, pressure = 0.1383548480 GPa.
    step 400: total_potential = -473.0179879236 eV, f_max = 0.0041456640 eV/A, pressure = 0.0521233957 GPa.
    step 500: total_potential = -473.0190076454 eV, f_max = 0.0024659208 eV/A, pressure = 0.0238219911 GPa.
    step 600: total_potential = -473.0193613788 eV, f_max = 0.0016391857 eV/A, pressure = 0.0137278672 GPa.
    step 700: total_potential = -473.0195479652 eV, f_max = 0.0010554632 eV/A, pressure = 0.0082693660 GPa.
    step 800: total_potential = -473.0196256131 eV, f_max = 0.0007108123 eV/A, pressure = 0.0050542859 GPa.
    step 900: total_potential = -473.0196581456 eV, f_max = 0.0004770909 eV/A, pressure = 0.0032635520 GPa.
    step 1000: total_potential = -473.0196801995 eV, f_max = 0.0003181386 eV/A, pressure = 0.0020817121 GPa.
Energy minimization finished.
Use NVE ensemble for this run.
Time step for this run is 0 fs.
Dump extended XYZ.
    for the whole system.
    every 1 steps.
    into file relaxed.xyz.
Run 1 steps.
    1 steps completed.

---------------------------------------------------------------
Time used for this run = 0.00921331 second.
Speed of this run = 6078.16 atom*step/second.
---------------------------------------------------------------


---------------------------------------------------------------
Finished executing the commands in run.in.
---------------------------------------------------------------


---------------------------------------------------------------
Time used = 3.806608 s.
---------------------------------------------------------------


---------------------------------------------------------------
Finished running GPUMD.
---------------------------------------------------------------

